[www.klook.com/en-MY/blog/best-things-to-do-in-ipoh-malaysia/index.html]
[backblue.gif]
[fade.gif]
[index.html]
[cdn.klook.com/s/dist_web/favicons/favicon-32x32.png]
[cdn.klook.com/s/dist_web/common/1.12.18/klk_common.js]
[www.googletagmanager.com/gtmb9e7.js]
[cdn.klook.com/s/dist_web/common/apem/0.0.1-bate.1/index.js]
[cdn.klook.com/s/dist_web/ssr_web/klook_web_blog_ssr/client/static/css/common-lib.4f665b0c.chunk.css]
[cdn.klook.com/s/dist_web/ssr_web/klook_web_blog_ssr/client/static/css/client.dbc594e4.chunk.css]
[cdn.klook.com/s/dist_web/ssr_web/klook_web_blog_ssr/client/static/css/layouts-default-desktop.535f962c.chunk.css]
[cdn.klook.com/s/dist_web/ssr_web/klook_web_blog_ssr/client/static/css/layouts-default-desktop_layouts-default-mobile_layouts-error-mobile_layouts-newsroom-desktop_layouts_ee9f6fb6.48708971.chunk.css]
[cdn.klook.com/s/dist_web/ssr_web/klook_web_blog_ssr/client/static/css/layouts-default-desktop_layouts-default-mobile.59334b5c.chunk.css]
[cdn.klook.com/s/dist_web/ssr_web/klook_web_blog_ssr/client/static/css/pages-home-detail.44f830c3.chunk.css]
[cdn.klook.com/s/dist_web/ssr_web/klook_web_blog_ssr/client/static/css/pages-home-detail_pages-home-detailAmp_pages-home-detailLocal_pages-home-detailPartner_pages-home-tr_c8cb2da5.7114b4be.chunk.css]
[cdn.klook.com/s/dist_web/ssr_web/klook_web_blog_ssr/client/static/css/f067ce.19917cda.chunk.css]
[cdn.klook.com/s/dist_web/ssr_web/klook_web_blog_ssr/client/static/css/253b58.d6444a08.chunk.css]
[js.datadome.co/tags.js]
[res.klook.com/image/upload/fl_lossy.progressive,q_85/c_fill,w_400,h_400/Profile_pic_-_Eunis_kwha36.jpg]
[res.klook.com/image/upload/q_85/c_fill,w_1360/v1640080044/blog/gzj4uhvvjph1ln4tz3o0.jpg]
[res.klook.com/image/upload/fl_lossy.progressive,q_85/c_fill,w_550,h_356/v1639997490/blog/kc9xlvjfpsnu6ulufved.jpg]
[res.klook.com/image/upload/fl_lossy.progressive,q_85/c_fill,w_550,h_356/v1596027623/blog/uqh018ewxbdos1rtduxv.jpg]
[res.klook.com/image/upload/fl_lossy.progressive,q_85/c_fill,w_550,h_356/v1640767452/blog/nyujyivsjojlrq3yffe7.jpg]
[cdn.klook.com/s/dist_web/ssr_web/klook_web_blog_ssr/client/static/js/runtime_client.6896fffa.js]
[cdn.klook.com/s/dist_web/ssr_web/klook_web_blog_ssr/client/static/js/3f3cac.227b61f2.chunk.js]
[cdn.klook.com/s/dist_web/ssr_web/klook_web_blog_ssr/client/static/js/layouts-default-desktop.a452c050.chunk.js]
[cdn.klook.com/s/dist_web/ssr_web/klook_web_blog_ssr/client/static/js/layouts-default-desktop_layouts-default-mobile_layouts-error-mobile_layouts-newsroom-desktop_layouts_ee9f6fb6.25980477.chunk.js]
[cdn.klook.com/s/dist_web/ssr_web/klook_web_blog_ssr/client/static/js/layouts-default-desktop_layouts-default-mobile.03b501f9.chunk.js]
[cdn.klook.com/s/dist_web/ssr_web/klook_web_blog_ssr/client/static/js/pages-home-detail.3d452978.chunk.js]
[cdn.klook.com/s/dist_web/ssr_web/klook_web_blog_ssr/client/static/js/pages-home-destination_pages-home-detail_pages-home-detailAmp_pages-home-detailLocal_pages-home-deta_66709a0f.7dfd0b67.chunk.js]
[cdn.klook.com/s/dist_web/ssr_web/klook_web_blog_ssr/client/static/js/layouts-default-mobile_layouts-error-mobile_pages-home-detail_pages-home-detailAmp_pages-home-detail_d8055cbc.588b8dc4.chunk.js]
[cdn.klook.com/s/dist_web/ssr_web/klook_web_blog_ssr/client/static/js/31c7c1.793ff3b8.chunk.js]
[cdn.klook.com/s/dist_web/ssr_web/klook_web_blog_ssr/client/static/js/pages-home-detail_pages-home-detailAmp_pages-home-detailLocal_pages-home-detailPartner_pages-home-tr_c8cb2da5.5593d193.chunk.js]
[cdn.klook.com/s/dist_web/ssr_web/klook_web_blog_ssr/client/static/js/f067ce.91ce03b0.chunk.js]
[cdn.klook.com/s/dist_web/ssr_web/klook_web_blog_ssr/client/static/js/253b58.75f6ea1b.chunk.js]
[cdn.klook.com/s/dist_web/ssr_web/klook_web_blog_ssr/client/static/js/common-lib.344ee890.chunk.js]
[www.klook.com/en-MY/blog/best-things-to-do-in-ipoh-malaysia/index.html]
[cdn.klook.com/s/dist_web/ssr_web/klook_web_blog_ssr/client/static/css/common-lib.4f665b0c.chunk.css]
[cdn.klook.com/s/dist_web/ssr_web/klook_web_blog_ssr/client/static/css/client.dbc594e4.chunk.css]
[cdn.klook.com/s/dist_web/ssr_web/klook_web_blog_ssr/client/static/css/layouts-default-desktop.535f962c.chunk.css]
[cdn.klook.com/s/dist_web/ssr_web/klook_web_blog_ssr/client/static/css/layouts-default-desktop_layouts-default-mobile_layouts-error-mobile_layouts-newsroom-desktop_layouts_ee9f6fb6.48708971.chunk.css]
[cdn.klook.com/s/dist_web/ssr_web/klook_web_blog_ssr/client/static/css/layouts-default-desktop_layouts-default-mobile.59334b5c.chunk.css]
[cdn.klook.com/s/dist_web/ssr_web/klook_web_blog_ssr/client/static/css/pages-home-detail.44f830c3.chunk.css]
[cdn.klook.com/s/dist_web/ssr_web/klook_web_blog_ssr/client/static/css/pages-home-detail_pages-home-detailAmp_pages-home-detailLocal_pages-home-detailPartner_pages-home-tr_c8cb2da5.7114b4be.chunk.css]
[cdn.klook.com/s/dist_web/ssr_web/klook_web_blog_ssr/client/static/css/f067ce.19917cda.chunk.css]
[cdn.klook.com/s/dist_web/ssr_web/klook_web_blog_ssr/client/static/js/client.f9b8fd3a.chunk.js]
[cdn.klook.com/s/dist_web/ssr_web/klook_web_blog_ssr/client/static/js/vendor.78b955e5.chunk.js]
[res.klook.com/image/upload/klook_laf0fq.png]
[cdn.klook.com/s/dist_web/ssr_web/klook_web_blog_ssr/client/static/css/253b58.d6444a08.chunk.css]
[www.klook.com/en-MY/blog/best-things-to-do-in-ipoh-malaysia/[object Object].json]
