[visitperak.com.my/lang-mountain/index.html]
[backblue.gif]
[fade.gif]
[index.html]
[visitperak.com.my/wp-includes/css/dist/block-library/style.min4118.css]
[visitperak.com.my/wp-includes/css/classic-themes.min4118.css]
[visitperak.com.my/lang-mountain/feed/index.html]
[visitperak.com.my/wp-content/themes/magazine-point/vendors/font-awesome/css/font-awesome.min1849.css]
[visitperak.com.my/wp-content/themes/magazine-point/vendors/sidr/css/jquery.sidr.dark.min77e6.css]
[visitperak.com.my/wp-content/themes/magazine-point/vendors/slick/slick.min7fb9.css]
[visitperak.com.my/wp-content/themes/magazine-point/style4c56.css]
[visitperak.com.my/wp-includes/js/jquery/jquery.min5aed.js]
[visitperak.com.my/wp-includes/js/jquery/jquery-migrate.min6b00.js]
[visitperak.com.my/wp-content/uploads/2018/10/background-site.jpg]
[pagead2.googlesyndication.com/pagead/js/f1fd4.txt]
[visitperak.com.my/wp-content/uploads/2018/09/cropped-WhatsApp-Image-2018-09-25-at-20.07.45-1-32x32.jpg]
[visitperak.com.my/wp-content/uploads/2018/09/cropped-WhatsApp-Image-2018-09-25-at-20.07.45-1-192x192.jpg]
[visitperak.com.my/wp-content/uploads/2018/09/cropped-WhatsApp-Image-2018-09-25-at-20.07.45-1-180x180.jpg]
[visitperak.com.my/wp-content/uploads/2018/09/cropped-visit-perak-logo-2.png]
[visitperak.com.my/wp-content/uploads/2013/06/PSX_20210410_163602-768x1024.jpg]
[visitperak.com.my/wp-content/uploads/2013/06/lang_mountain_ipoh.f.delayed]
[visitperak.com.my/wp-content/uploads/2013/06/PSX_20210410_163704-768x1024.jpg]
[visitperak.com.my/wp-content/uploads/2013/06/PSX_20210410_163843-768x1024.jpg]
[visitperak.com.my/wp-content/uploads/2013/06/PSX_20210410_163814-1024x768.jpg]
[visitperak.com.my/wp-content/uploads/2013/06/PSX_20210410_163928-1024x689.jpg]
[visitperak.com.my/wp-content/uploads/2021/04/PSX_20210410_164628.jpg]
[visitperak.com.my/wp-content/uploads/2021/04/PSX_20210410_164628-768x1024.jpg]
[visitperak.com.my/wp-content/uploads/2024/10/teluk-intan-230x153.jpg]
[visitperak.com.my/wp-content/uploads/2024/08/WhatsApp-Image-2024-08-27-at-5.15.47-PM-173x230.jpg]
[visitperak.com.my/wp-content/uploads/2024/06/yik-foong-complex-230x129.jpg]
[visitperak.com.my/wp-content/uploads/2024/10/teluk-intan-50x50.jpg]
[visitperak.com.my/wp-content/uploads/2024/09/ESCAPE-ipoh-50x50.jpg]
[visitperak.com.my/wp-content/uploads/2024/09/dining-in-jeff-s-cellar-50x50.jpg]
[visitperak.com.my/wp-content/uploads/2024/08/WhatsApp-Image-2024-08-27-at-5.15.47-PM-50x50.jpg]
[visitperak.com.my/wp-content/uploads/2024/08/WhatsApp-Image-2024-08-13-at-10.41.28-PM-50x50.jpg]
[pagead2.googlesyndication.com/pagead/js/f.txt]
[visitperak.com.my/wp-content/uploads/2024/01/Ashsukamakan-50x50.jpg]
[visitperak.com.my/wp-content/uploads/2023/11/sunflower-garden-50x50.jpg]
[visitperak.com.my/wp-content/uploads/2022/12/rick-resort-50x50.jpg]
[visitperak.com.my/wp-content/uploads/2021/10/coral-beach-50x50.png]
[visitperak.com.my/wp-content/uploads/2021/10/teluk-senangin-1-50x50.jpg]
[visitperak.com.my/wp-content/uploads/2021/07/PSX_20210713_154331-50x50.jpg]
[visitperak.com.my/wp-content/themes/magazine-point/js/skip-link-focus-fix.min08e0.js]
[visitperak.com.my/wp-content/themes/magazine-point/vendors/cycle2/js/jquery.cycle2.min784e.js]
[visitperak.com.my/wp-content/themes/magazine-point/vendors/sidr/js/jquery.sidr.min77e6.js]
[visitperak.com.my/wp-content/themes/magazine-point/vendors/slick/slick.min7fb9.js]
[visitperak.com.my/wp-content/themes/magazine-point/js/custom.min4c56.js]
[visitperak.com.my/wp-includes/js/comment-reply.min4118.js]
[visitperak.com.my/wp-content/plugins/akismet/_inc/akismet-frontenddd8b.js]
[visitperak.com.my/lang-mountain/index.html]
[visitperak.com.my/wp-includes/css/dist/block-library/style.min4118.css]
[visitperak.com.my/wp-includes/css/classic-themes.min4118.css]
[visitperak.com.my/wp-content/themes/magazine-point/vendors/font-awesome/css/font-awesome.min1849.css]
[visitperak.com.my/wp-content/themes/magazine-point/vendors/sidr/css/jquery.sidr.dark.min77e6.css]
[visitperak.com.my/wp-content/themes/magazine-point/vendors/slick/slick.min7fb9.css]
[visitperak.com.my/wp-content/themes/magazine-point/style4c56.css]
[visitperak.com.my/wp-content/uploads/2013/06/lang_mountain_ipoh.html]
[favekad.com/ad-1.gif]
