[malaysiatrains.com/ipoh-railway-station/index.html]
[backblue.gif]
[fade.gif]
[index.html]
[malaysiatrains.com/wp-content/uploads/siteground-optimizer-assets/siteground-optimizer-combined-css-76a5f0f24edc2a492f521a8e922ad5a7.css]
[malaysiatrains.com/wp-includes/js/jquery/jquery.min.js]
[malaysiatrains.com/wp-content/uploads/2024/05/cropped-Malaysia-Trains-32x32.png]
[malaysiatrains.com/wp-content/uploads/2024/05/cropped-Malaysia-Trains-192x192.png]
[malaysiatrains.com/wp-content/uploads/2024/05/cropped-Malaysia-Trains-180x180.png]
[malaysiatrains.com/wp-content/uploads/2020/04/cropped-Malaysia-Trains-Logo-1.png]
[malaysiatrains.com/wp-content/uploads/2018/07/Ipoh-Railway-Station-480x360.jpg]
[malaysiatrains.com/wp-content/uploads/2018/07/Cafe-at-Ipoh-Railway-Station-480x360.jpg]
[malaysiatrains.com/wp-content/uploads/2018/07/Ticket-Office-at-Ipoh-Train-Station-480x360.jpg]
[malaysiatrains.com/wp-content/uploads/2018/07/Platforms-1-and-2-at-Ipoh-Train-Station-480x360.jpg]
[malaysiatrains.com/wp-content/plugins/sg-cachepress/assets/js/lazysizes.min.js]
[malaysiatrains.com/ipoh-railway-station/index.html]
[malaysiatrains.com/wp-content/uploads/siteground-optimizer-assets/siteground-optimizer-combined-css-76a5f0f24edc2a492f521a8e922ad5a7.css]
[malaysiatrains.com/wp-content/uploads/siteground-optimizer-assets/siteground-optimizer-combined-js-c776b9f9ee0220c07a184e1b806508ca.js]
